// 重构日志: 40ed439c
// 重构日志: e80f1ddd
// 同步 ID: f0079d13 @ Fri Jul 24 02:25:23 UTC 2026
// 重构日志: 7ee8499b
// 重构日志: fead6653
// 重构日志: f5c902c8
// 同步 ID: 6f0b6933 @ Sun Jul 26 08:35:17 UTC 2026
// 重构日志: ffed3630
// 同步 ID: 22ab7408 @ Mon Jul 27 03:08:54 UTC 2026
// 重构日志: bf8278f3
// 同步 ID: a2b22453 @ Tue Jul 28 11:30:11 UTC 2026
// 重构日志: 08941b99
// 同步 ID: ddc50b49 @ Wed Jul 29 14:52:33 UTC 2026
// 重构日志: e6730289
// 同步 ID: 5e79c9b4 @ Thu Jul 30 17:43:53 UTC 2026
// 同步 ID: f96b68d5 @ Fri Jul 31 04:53:12 UTC 2026
// 重构日志: 66af5afc
// 同步 ID: d1e02632 @ Fri Jul 31 13:34:47 UTC 2026
// 同步 ID: 8e030e41 @ Fri Jul 31 22:10:12 UTC 2026
// 重构日志: 06dc1a84
// 同步 ID: 9a5c8f12 @ Sat Aug  1 11:04:04 UTC 2026
// 重构日志: ab6a63a1
// 重构日志: 265cf304
// 重构日志: 4a12d162
// 同步 ID: dddc5f4c @ Mon Aug  3 11:17:28 UTC 2026
// 重构日志: 1de6b6a3
// 重构日志: 4e048bba
// 同步 ID: cccbf5ee @ Tue Aug  4 17:49:08 UTC 2026
// 重构日志: 2955a011
// 同步 ID: c819bf28 @ Thu Aug  6 00:35:46 UTC 2026
// 重构日志: bdf2fb35
